Initial seed for pseudo-random number generator is 1784695869

--------------- INPUT DATA ---------------
#variables                      10
#equations                      10
#invalid equations               0
field characteristic            19
homogeneous input?               0
signature-based computation      0
monomial order                 DRL
basis hash table resetting     OFF
linear algebra option            2
initial hash table size     131072 (2^17)
max pair selection             ALL
reduce gb                        1
#threads                         1
info level                       2
generate pbm files               0
------------------------------------------

Legend for f4 information
--------------------------------------------------------
deg       current degree of pairs selected in this round
sel       number of pairs selected in this round
pairs     total number of pairs in pair list
mat       matrix dimensions (# rows x # columns)
density   density of the matrix
new data  # new elements for basis in this round
          # zero reductions during linear algebra
time(rd)  time of the current f4 round in seconds given
          for real and cpu time
--------------------------------------------------------

deg     sel   pairs        mat          density            new data         time(rd) in sec (real|cpu)
------------------------------------------------------------------------------------------------------
  2       8       9      10 x 56        113.57%        8 new       0 zero         0.00 | 0.00         
  3      20      20     105 x 271        17.88%       20 new       0 zero         0.00 | 0.00         
  4     100     100     600 x 916         9.64%       50 new      50 zero         0.00 | 0.00         
  3      10     233     100 x 246        30.95%        1 new       9 zero         0.00 | 0.00         
  4      57     218     532 x 821        12.56%       26 new      31 zero         0.00 | 0.00         
  5     355     355    2329 x 2515        5.51%       89 new     266 zero         0.03 | 0.03         
  6     745     745    5347 x 5187        3.13%      133 new     612 zero         0.15 | 0.15         
  6      91    1180    7564 x 7926        1.47%       91 new       0 zero         0.05 | 0.05         
  6     900    1188    4298 x 3759        4.82%      207 new     694 zero         0.16 | 0.16         
  4     100    1638     942 x 997        11.22%      100 new       0 zero         0.02 | 0.02         
  4    1000    1303    1731 x 776         9.57%       54 new     956 zero         0.02 | 0.02         
  2      55     495     120 x 66          9.42%        1 new      54 zero         0.00 | 0.00         
------------------------------------------------------------------------------------------------------
reduce final basis        1 x 1         100.00%        1 new       0 zero         0.00 | 0.00         
------------------------------------------------------------------------------------------------------

---------------- TIMINGS ----------------
overall(elapsed)        0.44 sec
overall(cpu)            0.43 sec
select                  0.02 sec   5.1%
symbolic prep.          0.04 sec   8.0%
update                  0.06 sec  13.1%
convert                 0.00 sec   1.0%
linear algebra          0.32 sec  71.2%
reduce gb               0.00 sec   0.0%
-----------------------------------------

---------- COMPUTATIONAL DATA -----------
size of basis                     1
#terms in basis                   1
#pairs reduced                 3441
#GM criterion                307774
#redundant elements             789
#rows reduced                  6905
#zero reductions               2672
max. matrix data               7564 x 7926 (1.474%)
max. symbolic hash table size  2^13
max. basis hash table size     2^16
-----------------------------------------

Grobner basis has a single element
No solution

---------------- TIMINGS ----------------
rational param(elapsed)         0.44 sec
rational param(cpu)             0.44 sec
-----------------------------------------


------------------------------------------------------------------------------------
msolve overall time           0.45 sec (elapsed) /  0.44 sec (cpu)
------------------------------------------------------------------------------------
