Initial seed for pseudo-random number generator is 1784692177

--------------- INPUT DATA ---------------
#variables                      12
#equations                      12
#invalid equations               0
field characteristic            19
homogeneous input?               0
signature-based computation      0
monomial order                 DRL
basis hash table resetting     OFF
linear algebra option            2
initial hash table size     131072 (2^17)
max pair selection             ALL
reduce gb                        1
#threads                         1
info level                       2
generate pbm files               0
------------------------------------------

Legend for f4 information
--------------------------------------------------------
deg       current degree of pairs selected in this round
sel       number of pairs selected in this round
pairs     total number of pairs in pair list
mat       matrix dimensions (# rows x # columns)
density   density of the matrix
new data  # new elements for basis in this round
          # zero reductions during linear algebra
time(rd)  time of the current f4 round in seconds given
          for real and cpu time
--------------------------------------------------------

deg     sel   pairs        mat          density            new data         time(rd) in sec (real|cpu)
------------------------------------------------------------------------------------------------------
  2      10      11      12 x 79        108.33%       10 new       0 zero         0.00 | 0.00         
  3      28      28     150 x 437        15.59%       28 new       0 zero         0.00 | 0.00         
  4     155     155    1025 x 1714        8.10%       74 new      81 zero         0.01 | 0.01         
  3      12     425     103 x 366        28.83%        1 new      11 zero         0.00 | 0.00         
  4      73     407     897 x 1560       10.74%       33 new      40 zero         0.01 | 0.01         
  5     611     611    4595 x 5415        4.69%      157 new     455 zero         0.27 | 0.27         
  6    1490    1490   13327 x 13827       2.43%      286 new    1204 zero         2.47 | 2.46         
  7    3003    3003   32312 x 31442       1.17%      429 new    2574 zero        12.66 | 12.62        
  7     133    4709   48509 x 50081       0.45%      133 new       0 zero         1.15 | 1.15         
  7    1584    4719   21168 x 21156       1.76%      869 new     715 zero         6.31 | 6.31         
  5     144    7074    5605 x 6164        4.33%      144 new       0 zero         0.23 | 0.23         
  5    1728    6384    5672 x 4503        8.26%      493 new    1235 zero         1.35 | 1.35         
  3     144    4225     533 x 455        16.82%       65 new      79 zero         0.05 | 0.05         
  2      78    3391     168 x 91         12.23%        1 new      77 zero         0.00 | 0.00         
------------------------------------------------------------------------------------------------------
reduce final basis        1 x 1         100.00%        1 new       0 zero         0.00 | 0.00         
------------------------------------------------------------------------------------------------------

---------------- TIMINGS ----------------
overall(elapsed)       24.52 sec
overall(cpu)           24.47 sec
select                  0.45 sec   1.9%
symbolic prep.          0.83 sec   3.4%
update                  1.16 sec   4.7%
convert                 0.07 sec   0.3%
linear algebra         21.99 sec  89.7%
reduce gb               0.00 sec   0.0%
-----------------------------------------

---------- COMPUTATIONAL DATA -----------
size of basis                     1
#terms in basis                   1
#pairs reduced                 9193
#GM criterion               3726239
#redundant elements            2734
#rows reduced                 18389
#zero reductions               6471
max. matrix data              48509 x 50081 (0.447%)
max. symbolic hash table size  2^16
max. basis hash table size     2^19
-----------------------------------------

Grobner basis has a single element
No solution

---------------- TIMINGS ----------------
rational param(elapsed)        24.52 sec
rational param(cpu)            24.47 sec
-----------------------------------------


------------------------------------------------------------------------------------
msolve overall time          24.52 sec (elapsed) / 24.47 sec (cpu)
------------------------------------------------------------------------------------
