Initial seed for pseudo-random number generator is 1784692202

--------------- INPUT DATA ---------------
#variables                      12
#equations                      12
#invalid equations               0
field characteristic            19
homogeneous input?               0
signature-based computation      0
monomial order                 DRL
basis hash table resetting     OFF
linear algebra option            2
initial hash table size     131072 (2^17)
max pair selection             ALL
reduce gb                        1
#threads                         1
info level                       2
generate pbm files               0
------------------------------------------

Legend for f4 information
--------------------------------------------------------
deg       current degree of pairs selected in this round
sel       number of pairs selected in this round
pairs     total number of pairs in pair list
mat       matrix dimensions (# rows x # columns)
density   density of the matrix
new data  # new elements for basis in this round
          # zero reductions during linear algebra
time(rd)  time of the current f4 round in seconds given
          for real and cpu time
--------------------------------------------------------

deg     sel   pairs        mat          density            new data         time(rd) in sec (real|cpu)
------------------------------------------------------------------------------------------------------
  2      11      11      12 x 79        108.65%       11 new       0 zero         0.00 | 0.00         
  3      28      28     145 x 432        15.13%       28 new       0 zero         0.00 | 0.00         
  4     155     155    1016 x 1705        8.05%       62 new      93 zero         0.01 | 0.01         
  5     468     468    4236 x 5462        4.26%      120 new     348 zero         0.19 | 0.19         
  6    1059    1059   13898 x 15524       2.00%      187 new     872 zero         1.90 | 1.89         
  7    1848    1848   37024 x 38730       0.88%      264 new    1584 zero        10.21 | 10.19        
  8    2772    2772   80919 x 82229       0.41%      297 new    2475 zero        28.33 | 28.32        
  9    3267    3267  131555 x 132568      0.23%      275 new    2992 zero        69.18 | 69.14        
 10    3025    3025  293967 x 295167      0.08%      154 new    2871 zero       143.02 | 142.73       
 11    1694    1694  641123 x 643566      0.03%       54 new    1640 zero       163.24 | 162.87       
 12     594     594 1340121 x 1343622     0.01%       11 new     583 zero      2095.21 | 159.46       
 12     121     121 2682519 x 2686483     0.00%        1 new     120 zero       160.96 | 62.90        
 13      11      11 1460102 x 1464175     0.01%        0 new      11 zero         9.53 | 9.37         
------------------------------------------------------------------------------------------------------
reduce final basis     1465 x 5549       54.83%     1465 new       0 zero         0.09 | 0.09         
------------------------------------------------------------------------------------------------------

---------------- TIMINGS ----------------
overall(elapsed)     2681.90 sec
overall(cpu)          647.18 sec
select                  1.89 sec   0.1%
symbolic prep.         37.26 sec   1.4%
update                  0.42 sec   0.0%
convert                 3.93 sec   0.1%
linear algebra       2637.25 sec  98.3%
reduce gb               0.00 sec   0.0%
-----------------------------------------

---------- COMPUTATIONAL DATA -----------
size of basis                  1465
#terms in basis             4457418
#pairs reduced                15053
#GM criterion               1073497
#redundant elements              11
#rows reduced                 31571
#zero reductions              13589
max. matrix data            2682519 x 2686483 (0.005%)
max. symbolic hash table size  2^22
max. basis hash table size     2^19
-----------------------------------------


fglm steps                                               time(rd) in sec (real|cpu)
------------------------------------------------------------------------------------------------------
normal forms
  754906 x 758945      0.02%       44 new       0 zero         5.91 | 5.85         
------------------------------------------------------------------------------------------------------
multiplication matrix                                          5.95 | 5.89         
scalar sequence                                              972.05 | 17.21        
elimination polynomial                                         0.02 | 0.01         
parametrizations                                               0.01 | 0.01         
------------------------------------------------------------------------------------------------------

---------------- TIMINGS ----------------
overall(elapsed)      978.03 sec
overall(cpu)           23.12 sec
-----------------------------------------

---------- COMPUTATIONAL DATA -----------
degree of ideal                4084
#dense rows                     968
#normal forms                    44
total density                    89.2%
density of the free part         89.1%
density of the nonfree part      92.4%
deg. elim. pol.                4084
deg. sqfr. elim. pol.          4084
-----------------------------------------


---------------- TIMINGS ----------------
rational param(elapsed)      3659.97 sec
rational param(cpu)           670.34 sec
-----------------------------------------


------------------------------------------------------------------------------------
msolve overall time        3659.98 sec (elapsed) / 670.35 sec (cpu)
------------------------------------------------------------------------------------
