Initial seed for pseudo-random number generator is 1784686944

--------------- INPUT DATA ---------------
#variables                       3
#equations                       3
#invalid equations               0
field characteristic            19
homogeneous input?               0
signature-based computation      0
monomial order                 DRL
basis hash table resetting     OFF
linear algebra option            2
initial hash table size     131072 (2^17)
max pair selection             ALL
reduce gb                        1
#threads                         1
info level                       2
generate pbm files               0
------------------------------------------

Legend for f4 information
--------------------------------------------------------
deg       current degree of pairs selected in this round
sel       number of pairs selected in this round
pairs     total number of pairs in pair list
mat       matrix dimensions (# rows x # columns)
density   density of the matrix
new data  # new elements for basis in this round
          # zero reductions during linear algebra
time(rd)  time of the current f4 round in seconds given
          for real and cpu time
--------------------------------------------------------

deg     sel   pairs        mat          density            new data         time(rd) in sec (real|cpu)
------------------------------------------------------------------------------------------------------
  2       1       2       3 x 7         114.29%        1 new       0 zero         0.00 | 0.00         
  3       2       2       8 x 13         46.15%        2 new       0 zero         0.00 | 0.00         
  3       4       4      16 x 18         35.07%        4 new       0 zero         0.00 | 0.00         
  2       5       8      13 x 10         39.23%        2 new       3 zero         0.00 | 0.00         
------------------------------------------------------------------------------------------------------
reduce final basis        1 x 1         100.00%        1 new       0 zero         0.00 | 0.00         
------------------------------------------------------------------------------------------------------

---------------- TIMINGS ----------------
overall(elapsed)        0.00 sec
overall(cpu)            0.00 sec
select                  0.00 sec   0.7%
symbolic prep.          0.00 sec   0.2%
update                  0.00 sec  24.9%
convert                 0.00 sec   0.7%
linear algebra          0.00 sec   0.4%
reduce gb               0.00 sec   0.0%
-----------------------------------------

---------- COMPUTATIONAL DATA -----------
size of basis                     1
#terms in basis                   1
#pairs reduced                   12
#GM criterion                    52
#redundant elements              11
#rows reduced                    25
#zero reductions                  3
max. matrix data                 16 x 18 (35.069%)
max. symbolic hash table size  2^11
max. basis hash table size     2^16
-----------------------------------------

Grobner basis has a single element
No solution

---------------- TIMINGS ----------------
rational param(elapsed)         0.01 sec
rational param(cpu)             0.00 sec
-----------------------------------------


------------------------------------------------------------------------------------
msolve overall time           0.01 sec (elapsed) /  0.00 sec (cpu)
------------------------------------------------------------------------------------
