Initial seed for pseudo-random number generator is 1784691491

--------------- INPUT DATA ---------------
#variables                       6
#equations                       6
#invalid equations               0
field characteristic            19
homogeneous input?               0
signature-based computation      0
monomial order                 DRL
basis hash table resetting     OFF
linear algebra option            2
initial hash table size     131072 (2^17)
max pair selection             ALL
reduce gb                        1
#threads                         1
info level                       2
generate pbm files               0
------------------------------------------

Legend for f4 information
--------------------------------------------------------
deg       current degree of pairs selected in this round
sel       number of pairs selected in this round
pairs     total number of pairs in pair list
mat       matrix dimensions (# rows x # columns)
density   density of the matrix
new data  # new elements for basis in this round
          # zero reductions during linear algebra
time(rd)  time of the current f4 round in seconds given
          for real and cpu time
--------------------------------------------------------

deg     sel   pairs        mat          density            new data         time(rd) in sec (real|cpu)
------------------------------------------------------------------------------------------------------
  2       4       5       6 x 22        112.88%        4 new       0 zero         0.00 | 0.00         
  3       8       8      37 x 73         26.21%        8 new       0 zero         0.00 | 0.00         
  4      28      28     135 x 168        15.11%       16 new      12 zero         0.00 | 0.00         
  3       5      35      43 x 68         33.65%        0 new       5 zero         0.00 | 0.00         
  4      26      30     119 x 137        19.24%       14 new      12 zero         0.00 | 0.00         
  4      26      66     184 x 189        13.50%       15 new      11 zero         0.00 | 0.00         
  3      30      84      94 x 80         25.48%       14 new      16 zero         0.00 | 0.00         
  2      20      53      46 x 28         24.30%        2 new      18 zero         0.00 | 0.00         
------------------------------------------------------------------------------------------------------
reduce final basis        1 x 1         100.00%        1 new       0 zero         0.00 | 0.00         
------------------------------------------------------------------------------------------------------

---------------- TIMINGS ----------------
overall(elapsed)        0.00 sec
overall(cpu)            0.00 sec
select                  0.00 sec   9.9%
symbolic prep.          0.00 sec   7.3%
update                  0.00 sec  45.9%
convert                 0.00 sec   5.9%
linear algebra          0.00 sec  11.2%
reduce gb               0.00 sec   0.0%
-----------------------------------------

---------- COMPUTATIONAL DATA -----------
size of basis                     1
#terms in basis                   1
#pairs reduced                  147
#GM criterion                  2905
#redundant elements              78
#rows reduced                   295
#zero reductions                 74
max. matrix data                184 x 189 (13.501%)
max. symbolic hash table size  2^11
max. basis hash table size     2^16
-----------------------------------------

Grobner basis has a single element
No solution

---------------- TIMINGS ----------------
rational param(elapsed)         0.00 sec
rational param(cpu)             0.00 sec
-----------------------------------------


------------------------------------------------------------------------------------
msolve overall time           0.00 sec (elapsed) /  0.00 sec (cpu)
------------------------------------------------------------------------------------
