Initial seed for pseudo-random number generator is 1784689169

--------------- INPUT DATA ---------------
#variables                      12
#equations                      12
#invalid equations               0
field characteristic            19
homogeneous input?               0
signature-based computation      0
monomial order                 DRL
basis hash table resetting     OFF
linear algebra option            2
initial hash table size     131072 (2^17)
max pair selection             ALL
reduce gb                        1
#threads                         1
info level                       2
generate pbm files               0
------------------------------------------

Legend for f4 information
--------------------------------------------------------
deg       current degree of pairs selected in this round
sel       number of pairs selected in this round
pairs     total number of pairs in pair list
mat       matrix dimensions (# rows x # columns)
density   density of the matrix
new data  # new elements for basis in this round
          # zero reductions during linear algebra
time(rd)  time of the current f4 round in seconds given
          for real and cpu time
--------------------------------------------------------

deg     sel   pairs        mat          density            new data         time(rd) in sec (real|cpu)
------------------------------------------------------------------------------------------------------
  2      10      11      12 x 79        109.39%       10 new       0 zero         0.00 | 0.00         
  3      28      28     150 x 437        15.54%       28 new       0 zero         0.00 | 0.00         
  4     155     155    1025 x 1714        8.07%       74 new      81 zero         0.02 | 0.02         
  3      11     536      34 x 78         36.27%        0 new      11 zero         0.00 | 0.00         
  4      38     525     217 x 406        18.80%       18 new      20 zero         0.00 | 0.00         
  5     649     649    4661 x 5462        4.07%      175 new     474 zero         0.16 | 0.16         
  6    1654    1654   15061 x 15417       1.84%      306 new    1348 zero         1.27 | 1.27         
  7    3205    3205   39476 x 38426       0.77%      451 new    2754 zero         6.84 | 6.77         
  7     135    4831   48511 x 50082       0.41%      135 new       0 zero         0.70 | 0.70         
  7    1595    4780   43596 x 43569       0.62%      869 new     729 zero         4.08 | 4.07         
  5     156    7019    5618 x 6164        4.03%      156 new       0 zero         0.15 | 0.15         
  5    1872    6636    6222 x 4896        7.05%      481 new    1391 zero         0.80 | 0.79         
  3     156    4200     546 x 455        16.14%       65 new      91 zero         0.03 | 0.03         
------------------------------------------------------------------------------------------------------
reduce final basis        1 x 1         100.00%        1 new       0 zero         0.00 | 0.00         
------------------------------------------------------------------------------------------------------

---------------- TIMINGS ----------------
overall(elapsed)       14.06 sec
overall(cpu)           13.97 sec
select                  0.27 sec   1.9%
symbolic prep.          0.60 sec   4.2%
update                  0.76 sec   5.4%
convert                 0.05 sec   0.3%
linear algebra         12.37 sec  88.0%
reduce gb               0.00 sec   0.0%
-----------------------------------------

---------- COMPUTATIONAL DATA -----------
size of basis                     1
#terms in basis                   1
#pairs reduced                 9664
#GM criterion               3849774
#redundant elements            2779
#rows reduced                 19335
#zero reductions               6899
max. matrix data              48511 x 50082 (0.414%)
max. symbolic hash table size  2^16
max. basis hash table size     2^19
-----------------------------------------

Grobner basis has a single element
No solution

---------------- TIMINGS ----------------
rational param(elapsed)        14.06 sec
rational param(cpu)            13.97 sec
-----------------------------------------


------------------------------------------------------------------------------------
msolve overall time          14.06 sec (elapsed) / 13.97 sec (cpu)
------------------------------------------------------------------------------------
