Initial seed for pseudo-random number generator is 1784691491

--------------- INPUT DATA ---------------
#variables                       6
#equations                       6
#invalid equations               0
field characteristic            19
homogeneous input?               0
signature-based computation      0
monomial order                 DRL
basis hash table resetting     OFF
linear algebra option            2
initial hash table size     131072 (2^17)
max pair selection             ALL
reduce gb                        1
#threads                         1
info level                       2
generate pbm files               0
------------------------------------------

Legend for f4 information
--------------------------------------------------------
deg       current degree of pairs selected in this round
sel       number of pairs selected in this round
pairs     total number of pairs in pair list
mat       matrix dimensions (# rows x # columns)
density   density of the matrix
new data  # new elements for basis in this round
          # zero reductions during linear algebra
time(rd)  time of the current f4 round in seconds given
          for real and cpu time
--------------------------------------------------------

deg     sel   pairs        mat          density            new data         time(rd) in sec (real|cpu)
------------------------------------------------------------------------------------------------------
  2       5       5       6 x 22        110.61%        5 new       0 zero         0.00 | 0.00         
  3       8       8      35 x 71         24.10%        8 new       0 zero         0.00 | 0.00         
  4      28      28     136 x 169        14.36%       10 new      18 zero         0.00 | 0.00         
  5      45      45     301 x 321         8.50%        9 new      36 zero         0.00 | 0.00         
  6      45      45     436 x 453         6.16%        5 new      40 zero         0.00 | 0.00         
  6      25      25     789 x 822         2.98%        1 new      24 zero         0.00 | 0.00         
  6       5       5     651 x 703         3.47%        0 new       5 zero         0.00 | 0.00         
------------------------------------------------------------------------------------------------------
reduce final basis       39 x 96         45.30%       39 new       0 zero         0.00 | 0.00         
------------------------------------------------------------------------------------------------------

---------------- TIMINGS ----------------
overall(elapsed)        0.00 sec
overall(cpu)            0.00 sec
select                  0.00 sec   8.0%
symbolic prep.          0.00 sec  26.0%
update                  0.00 sec  18.6%
convert                 0.00 sec  11.0%
linear algebra          0.00 sec  22.2%
reduce gb               0.00 sec   0.0%
-----------------------------------------

---------- COMPUTATIONAL DATA -----------
size of basis                    39
#terms in basis                1683
#pairs reduced                  161
#GM criterion                   785
#redundant elements               5
#rows reduced                   361
#zero reductions                123
max. matrix data                789 x 822 (2.982%)
max. symbolic hash table size  2^11
max. basis hash table size     2^16
-----------------------------------------


fglm steps                                               time(rd) in sec (real|cpu)
------------------------------------------------------------------------------------------------------
normal forms
     158 x 210        12.34%        5 new       0 zero         0.00 | 0.00         
------------------------------------------------------------------------------------------------------
multiplication matrix                                          0.00 | 0.00         
scalar sequence                                                0.00 | 0.00         
elimination polynomial                                         0.00 | 0.00         
parametrizations                                               0.00 | 0.00         
------------------------------------------------------------------------------------------------------

---------------- TIMINGS ----------------
overall(elapsed)        0.00 sec
overall(cpu)            0.00 sec
-----------------------------------------

---------- COMPUTATIONAL DATA -----------
degree of ideal                  57
#dense rows                      25
#normal forms                     5
total density                    89.4%
density of the free part         88.8%
density of the nonfree part      91.9%
deg. elim. pol.                  57
deg. sqfr. elim. pol.            57
-----------------------------------------


---------------- TIMINGS ----------------
rational param(elapsed)         0.00 sec
rational param(cpu)             0.00 sec
-----------------------------------------


------------------------------------------------------------------------------------
msolve overall time           0.00 sec (elapsed) /  0.00 sec (cpu)
------------------------------------------------------------------------------------
