Initial seed for pseudo-random number generator is 1784691491

--------------- INPUT DATA ---------------
#variables                       6
#equations                       6
#invalid equations               0
field characteristic            19
homogeneous input?               0
signature-based computation      0
monomial order                 DRL
basis hash table resetting     OFF
linear algebra option            2
initial hash table size     131072 (2^17)
max pair selection             ALL
reduce gb                        1
#threads                         1
info level                       2
generate pbm files               0
------------------------------------------

Legend for f4 information
--------------------------------------------------------
deg       current degree of pairs selected in this round
sel       number of pairs selected in this round
pairs     total number of pairs in pair list
mat       matrix dimensions (# rows x # columns)
density   density of the matrix
new data  # new elements for basis in this round
          # zero reductions during linear algebra
time(rd)  time of the current f4 round in seconds given
          for real and cpu time
--------------------------------------------------------

deg     sel   pairs        mat          density            new data         time(rd) in sec (real|cpu)
------------------------------------------------------------------------------------------------------
  2       4       5       6 x 22        114.39%        4 new       0 zero         0.00 | 0.00         
  3       8       8      36 x 72         25.89%        8 new       0 zero         0.00 | 0.00         
  4      28      28     136 x 169        15.13%       16 new      12 zero         0.00 | 0.00         
  3       6      35      38 x 62         37.01%        1 new       5 zero         0.00 | 0.00         
  4      30      34     126 x 139        18.39%       14 new      16 zero         0.00 | 0.00         
  4      31      66     202 x 201        12.14%       15 new      16 zero         0.00 | 0.00         
  3      36      84     105 x 84         22.47%       14 new      22 zero         0.00 | 0.00         
  2      21      46      48 x 28         21.35%        1 new      20 zero         0.00 | 0.00         
------------------------------------------------------------------------------------------------------
reduce final basis        1 x 1         100.00%        1 new       0 zero         0.00 | 0.00         
------------------------------------------------------------------------------------------------------

---------------- TIMINGS ----------------
overall(elapsed)        0.00 sec
overall(cpu)            0.00 sec
select                  0.00 sec  10.5%
symbolic prep.          0.00 sec   7.5%
update                  0.00 sec  43.8%
convert                 0.00 sec   6.3%
linear algebra          0.00 sec  11.5%
reduce gb               0.00 sec   0.0%
-----------------------------------------

---------- COMPUTATIONAL DATA -----------
size of basis                     1
#terms in basis                   1
#pairs reduced                  164
#GM criterion                  2892
#redundant elements              78
#rows reduced                   329
#zero reductions                 91
max. matrix data                202 x 201 (12.145%)
max. symbolic hash table size  2^11
max. basis hash table size     2^16
-----------------------------------------

Grobner basis has a single element
No solution

---------------- TIMINGS ----------------
rational param(elapsed)         0.00 sec
rational param(cpu)             0.00 sec
-----------------------------------------


------------------------------------------------------------------------------------
msolve overall time           0.00 sec (elapsed) /  0.00 sec (cpu)
------------------------------------------------------------------------------------
