Initial seed for pseudo-random number generator is 1784686946

--------------- INPUT DATA ---------------
#variables                       9
#equations                       9
#invalid equations               0
field characteristic            19
homogeneous input?               0
signature-based computation      0
monomial order                 DRL
basis hash table resetting     OFF
linear algebra option            2
initial hash table size     131072 (2^17)
max pair selection             ALL
reduce gb                        1
#threads                         1
info level                       2
generate pbm files               0
------------------------------------------

Legend for f4 information
--------------------------------------------------------
deg       current degree of pairs selected in this round
sel       number of pairs selected in this round
pairs     total number of pairs in pair list
mat       matrix dimensions (# rows x # columns)
density   density of the matrix
new data  # new elements for basis in this round
          # zero reductions during linear algebra
time(rd)  time of the current f4 round in seconds given
          for real and cpu time
--------------------------------------------------------

deg     sel   pairs        mat          density            new data         time(rd) in sec (real|cpu)
------------------------------------------------------------------------------------------------------
  2       6       8       9 x 46        112.32%        6 new       0 zero         0.00 | 0.00         
  3      17      17      87 x 208        19.37%       17 new       0 zero         0.00 | 0.00         
  4      77      77     442 x 641        10.70%       46 new      31 zero         0.00 | 0.00         
  3      17     184     100 x 186        26.76%        2 new      15 zero         0.00 | 0.00         
  4      84     169     444 x 556        12.13%       42 new      44 zero         0.00 | 0.00         
  5     402     402    1738 x 1560        5.60%      101 new     301 zero         0.02 | 0.02         
  5     370     466    2218 x 1972        4.04%      124 new     246 zero         0.02 | 0.02         
------------------------------------------------------------------------------------------------------
reduce final basis        1 x 1         100.00%        1 new       0 zero         0.00 | 0.00         
------------------------------------------------------------------------------------------------------

---------------- TIMINGS ----------------
overall(elapsed)        0.05 sec
overall(cpu)            0.04 sec
select                  0.00 sec   7.7%
symbolic prep.          0.01 sec  12.3%
update                  0.01 sec  25.1%
convert                 0.00 sec   2.0%
linear algebra          0.02 sec  47.6%
reduce gb               0.00 sec   0.0%
-----------------------------------------

---------- COMPUTATIONAL DATA -----------
size of basis                     1
#terms in basis                   1
#pairs reduced                  973
#GM criterion                 58663
#redundant elements             346
#rows reduced                  1951
#zero reductions                637
max. matrix data               2218 x 1972 (4.040%)
max. symbolic hash table size  2^12
max. basis hash table size     2^16
-----------------------------------------

Grobner basis has a single element
No solution

---------------- TIMINGS ----------------
rational param(elapsed)         0.05 sec
rational param(cpu)             0.04 sec
-----------------------------------------


------------------------------------------------------------------------------------
msolve overall time           0.05 sec (elapsed) /  0.04 sec (cpu)
------------------------------------------------------------------------------------
