Initial seed for pseudo-random number generator is 1784686945

--------------- INPUT DATA ---------------
#variables                       6
#equations                       6
#invalid equations               0
field characteristic            19
homogeneous input?               0
signature-based computation      0
monomial order                 DRL
basis hash table resetting     OFF
linear algebra option            2
initial hash table size     131072 (2^17)
max pair selection             ALL
reduce gb                        1
#threads                         1
info level                       2
generate pbm files               0
------------------------------------------

Legend for f4 information
--------------------------------------------------------
deg       current degree of pairs selected in this round
sel       number of pairs selected in this round
pairs     total number of pairs in pair list
mat       matrix dimensions (# rows x # columns)
density   density of the matrix
new data  # new elements for basis in this round
          # zero reductions during linear algebra
time(rd)  time of the current f4 round in seconds given
          for real and cpu time
--------------------------------------------------------

deg     sel   pairs        mat          density            new data         time(rd) in sec (real|cpu)
------------------------------------------------------------------------------------------------------
  2       4       5       6 x 22        115.91%        4 new       0 zero         0.00 | 0.00         
  3       8       8      38 x 74         26.24%        8 new       0 zero         0.00 | 0.00         
  4      28      28     136 x 169        15.48%       10 new      18 zero         0.00 | 0.00         
  5      45      45     301 x 322         9.09%        9 new      36 zero         0.00 | 0.00         
  6      45      45     463 x 481         6.19%        5 new      40 zero         0.00 | 0.00         
  6      25      25     847 x 881         3.04%        1 new      24 zero         0.00 | 0.00         
  7       5       5     439 x 492         5.76%        0 new       5 zero         0.00 | 0.00         
------------------------------------------------------------------------------------------------------
reduce final basis       39 x 97         45.94%       39 new       0 zero         0.00 | 0.00         
------------------------------------------------------------------------------------------------------

---------------- TIMINGS ----------------
overall(elapsed)        0.00 sec
overall(cpu)            0.00 sec
select                  0.00 sec   7.6%
symbolic prep.          0.00 sec  24.1%
update                  0.00 sec  25.5%
convert                 0.00 sec   9.4%
linear algebra          0.00 sec  20.4%
reduce gb               0.00 sec   0.0%
-----------------------------------------

---------- COMPUTATIONAL DATA -----------
size of basis                    39
#terms in basis                1719
#pairs reduced                  160
#GM criterion                   743
#redundant elements               4
#rows reduced                   359
#zero reductions                123
max. matrix data                847 x 881 (3.039%)
max. symbolic hash table size  2^11
max. basis hash table size     2^16
-----------------------------------------


fglm steps                                               time(rd) in sec (real|cpu)
------------------------------------------------------------------------------------------------------
normal forms
     166 x 218        12.08%        5 new       0 zero         0.00 | 0.00         
------------------------------------------------------------------------------------------------------
multiplication matrix                                          0.00 | 0.00         
scalar sequence                                                0.00 | 0.00         
elimination polynomial                                         0.00 | 0.00         
parametrizations                                               0.00 | 0.00         
------------------------------------------------------------------------------------------------------

---------------- TIMINGS ----------------
overall(elapsed)        0.00 sec
overall(cpu)            0.00 sec
-----------------------------------------

---------- COMPUTATIONAL DATA -----------
degree of ideal                  58
#dense rows                      25
#normal forms                     5
total density                    89.7%
density of the free part         89.1%
density of the nonfree part      92.1%
deg. elim. pol.                  58
deg. sqfr. elim. pol.            58
-----------------------------------------


---------------- TIMINGS ----------------
rational param(elapsed)         0.00 sec
rational param(cpu)             0.00 sec
-----------------------------------------


------------------------------------------------------------------------------------
msolve overall time           0.01 sec (elapsed) /  0.00 sec (cpu)
------------------------------------------------------------------------------------
