Initial seed for pseudo-random number generator is 1784692153

--------------- INPUT DATA ---------------
#variables                      12
#equations                      12
#invalid equations               0
field characteristic            19
homogeneous input?               0
signature-based computation      0
monomial order                 DRL
basis hash table resetting     OFF
linear algebra option            2
initial hash table size     131072 (2^17)
max pair selection             ALL
reduce gb                        1
#threads                         1
info level                       2
generate pbm files               0
------------------------------------------

Legend for f4 information
--------------------------------------------------------
deg       current degree of pairs selected in this round
sel       number of pairs selected in this round
pairs     total number of pairs in pair list
mat       matrix dimensions (# rows x # columns)
density   density of the matrix
new data  # new elements for basis in this round
          # zero reductions during linear algebra
time(rd)  time of the current f4 round in seconds given
          for real and cpu time
--------------------------------------------------------

deg     sel   pairs        mat          density            new data         time(rd) in sec (real|cpu)
------------------------------------------------------------------------------------------------------
  2      10      11      12 x 79        109.49%       10 new       0 zero         0.00 | 0.00         
  3      28      28     148 x 435        15.60%       28 new       0 zero         0.00 | 0.00         
  4     155     155    1023 x 1712        8.11%       74 new      81 zero         0.01 | 0.01         
  3      11     536      43 x 143        28.56%        0 new      11 zero         0.00 | 0.00         
  4      38     525     324 x 723        13.64%       18 new      20 zero         0.00 | 0.00         
  5     649     649    4646 x 5447        4.23%      175 new     474 zero         0.21 | 0.21         
  6    1654    1654   15012 x 15368       1.94%      306 new    1348 zero         2.61 | 2.59         
  7    3183    3183   39293 x 38243       0.87%      429 new    2754 zero        11.33 | 11.32        
  7     133    4709   48343 x 49915       0.43%      133 new       0 zero         1.57 | 1.57         
  7    1584    4719   21492 x 21480       1.67%      869 new     715 zero         6.57 | 6.54         
  5     144    7020    5590 x 6149        4.12%      144 new       0 zero         0.24 | 0.24         
  5    1728    6427    6056 x 4887        7.15%      493 new    1235 zero         1.16 | 1.16         
  3     144    4250     533 x 455        16.54%       65 new      79 zero         0.04 | 0.04         
  2      78    3417     168 x 91         12.28%        1 new      77 zero         0.00 | 0.00         
------------------------------------------------------------------------------------------------------
reduce final basis        1 x 1         100.00%        1 new       0 zero         0.00 | 0.00         
------------------------------------------------------------------------------------------------------

---------------- TIMINGS ----------------
overall(elapsed)       23.76 sec
overall(cpu)           23.70 sec
select                  0.52 sec   2.2%
symbolic prep.          1.02 sec   4.3%
update                  1.27 sec   5.3%
convert                 0.08 sec   0.3%
linear algebra         20.85 sec  87.7%
reduce gb               0.00 sec   0.0%
-----------------------------------------

---------- COMPUTATIONAL DATA -----------
size of basis                     1
#terms in basis                   1
#pairs reduced                 9539
#GM criterion               3786268
#redundant elements            2756
#rows reduced                 19079
#zero reductions               6794
max. matrix data              48343 x 49915 (0.434%)
max. symbolic hash table size  2^16
max. basis hash table size     2^19
-----------------------------------------

Grobner basis has a single element
No solution

---------------- TIMINGS ----------------
rational param(elapsed)        23.76 sec
rational param(cpu)            23.70 sec
-----------------------------------------


------------------------------------------------------------------------------------
msolve overall time          23.77 sec (elapsed) / 23.70 sec (cpu)
------------------------------------------------------------------------------------
