Initial seed for pseudo-random number generator is 1784689183

--------------- INPUT DATA ---------------
#variables                      12
#equations                      12
#invalid equations               0
field characteristic            19
homogeneous input?               0
signature-based computation      0
monomial order                 DRL
basis hash table resetting     OFF
linear algebra option            2
initial hash table size     131072 (2^17)
max pair selection             ALL
reduce gb                        1
#threads                         1
info level                       2
generate pbm files               0
------------------------------------------

Legend for f4 information
--------------------------------------------------------
deg       current degree of pairs selected in this round
sel       number of pairs selected in this round
pairs     total number of pairs in pair list
mat       matrix dimensions (# rows x # columns)
density   density of the matrix
new data  # new elements for basis in this round
          # zero reductions during linear algebra
time(rd)  time of the current f4 round in seconds given
          for real and cpu time
--------------------------------------------------------

deg     sel   pairs        mat          density            new data         time(rd) in sec (real|cpu)
------------------------------------------------------------------------------------------------------
  2      11      11      12 x 79        109.28%       11 new       0 zero         0.00 | 0.00         
  3      28      28     146 x 433        15.23%       28 new       0 zero         0.00 | 0.00         
  4     155     155    1016 x 1705        8.08%       62 new      93 zero         0.01 | 0.01         
  5     468     468    4251 x 5477        4.25%      120 new     348 zero         0.14 | 0.14         
  6    1059    1059   13962 x 15588       1.99%      187 new     872 zero         1.15 | 1.15         
  7    1848    1848   37201 x 38907       0.87%      264 new    1584 zero         6.01 | 5.99         
  8    2772    2772   81269 x 82579       0.40%      297 new    2475 zero        17.08 | 17.07        
  9    3267    3267  132036 x 133048      0.23%      275 new    2992 zero        43.07 | 43.04        
 10    3025    3025  295021 x 296220      0.08%      154 new    2871 zero        90.98 | 90.91        
 11    1694    1694  643398 x 645840      0.03%       54 new    1640 zero       139.06 | 138.45       
 12     594     594 1344851 x 1348351     0.01%       11 new     583 zero       139.84 | 139.06       
 12     121     121 2692043 x 2696006     0.00%        1 new     120 zero       107.17 | 88.62        
 12      11      11 1346252 x 1350324     0.01%        0 new      11 zero        16.22 | 16.10        
------------------------------------------------------------------------------------------------------
reduce final basis     1465 x 5548       54.82%     1465 new       0 zero         0.20 | 0.19         
------------------------------------------------------------------------------------------------------

---------------- TIMINGS ----------------
overall(elapsed)      560.98 sec
overall(cpu)          540.76 sec
select                  1.16 sec   0.2%
symbolic prep.         40.98 sec   7.3%
update                  0.30 sec   0.1%
convert                 4.76 sec   0.8%
linear algebra        512.31 sec  91.3%
reduce gb               0.00 sec   0.0%
-----------------------------------------

---------- COMPUTATIONAL DATA -----------
size of basis                  1465
#terms in basis             4456023
#pairs reduced                15053
#GM criterion               1073497
#redundant elements              11
#rows reduced                 31571
#zero reductions              13589
max. matrix data            2692043 x 2696006 (0.005%)
max. symbolic hash table size  2^22
max. basis hash table size     2^19
-----------------------------------------


fglm steps                                               time(rd) in sec (real|cpu)
------------------------------------------------------------------------------------------------------
normal forms
  751671 x 755710      0.02%       44 new       0 zero        15.13 | 14.91        
------------------------------------------------------------------------------------------------------
multiplication matrix                                         15.28 | 15.05        
scalar sequence                                               48.38 | 46.96        
elimination polynomial                                         0.04 | 0.03         
parametrizations                                               0.05 | 0.04         
------------------------------------------------------------------------------------------------------

---------------- TIMINGS ----------------
overall(elapsed)       63.75 sec
overall(cpu)           62.08 sec
-----------------------------------------

---------- COMPUTATIONAL DATA -----------
degree of ideal                4083
#dense rows                     968
#normal forms                    44
total density                    89.2%
density of the free part         89.0%
density of the nonfree part      92.4%
deg. elim. pol.                4083
deg. sqfr. elim. pol.          4083
-----------------------------------------


---------------- TIMINGS ----------------
rational param(elapsed)       624.82 sec
rational param(cpu)           602.92 sec
-----------------------------------------


------------------------------------------------------------------------------------
msolve overall time         624.83 sec (elapsed) / 602.93 sec (cpu)
------------------------------------------------------------------------------------
