Initial seed for pseudo-random number generator is 1784686947

--------------- INPUT DATA ---------------
#variables                       9
#equations                       9
#invalid equations               0
field characteristic            19
homogeneous input?               0
signature-based computation      0
monomial order                 DRL
basis hash table resetting     OFF
linear algebra option            2
initial hash table size     131072 (2^17)
max pair selection             ALL
reduce gb                        1
#threads                         1
info level                       2
generate pbm files               0
------------------------------------------

Legend for f4 information
--------------------------------------------------------
deg       current degree of pairs selected in this round
sel       number of pairs selected in this round
pairs     total number of pairs in pair list
mat       matrix dimensions (# rows x # columns)
density   density of the matrix
new data  # new elements for basis in this round
          # zero reductions during linear algebra
time(rd)  time of the current f4 round in seconds given
          for real and cpu time
--------------------------------------------------------

deg     sel   pairs        mat          density            new data         time(rd) in sec (real|cpu)
------------------------------------------------------------------------------------------------------
  2       8       8       9 x 46        110.87%        8 new       0 zero         0.00 | 0.00         
  3      17      17      82 x 203        18.71%       17 new       0 zero         0.01 | 0.00         
  4      77      77     442 x 641        10.40%       29 new      48 zero         0.01 | 0.00         
  5     179     179    1368 x 1605        5.84%       43 new     136 zero         0.02 | 0.01         
  6     301     301    3227 x 3426        3.13%       43 new     258 zero         0.05 | 0.03         
  7     343     343    5427 x 5625        1.87%       48 new     295 zero         0.09 | 0.07         
  8     384     384   11543 x 11688       0.77%       27 new     357 zero         0.25 | 0.20         
  9     216     216   23923 x 24218       0.30%        8 new     208 zero         0.32 | 0.29         
  9      64      64   47673 x 48113       0.13%        1 new      63 zero         0.28 | 0.22         
 10       8       8   27532 x 28027       0.26%        0 new       8 zero         0.06 | 0.06         
------------------------------------------------------------------------------------------------------
reduce final basis      225 x 728        50.48%      225 new       0 zero         0.00 | 0.00         
------------------------------------------------------------------------------------------------------

---------------- TIMINGS ----------------
overall(elapsed)        1.10 sec
overall(cpu)            0.89 sec
select                  0.03 sec   2.3%
symbolic prep.          0.22 sec  20.0%
update                  0.02 sec   1.4%
convert                 0.03 sec   2.5%
linear algebra          0.78 sec  71.3%
reduce gb               0.00 sec   0.0%
-----------------------------------------

---------- COMPUTATIONAL DATA -----------
size of basis                   225
#terms in basis               82674
#pairs reduced                 1597
#GM criterion                 25431
#redundant elements               8
#rows reduced                  3419
#zero reductions               1373
max. matrix data              47673 x 48113 (0.134%)
max. symbolic hash table size  2^16
max. basis hash table size     2^16
-----------------------------------------


fglm steps                                               time(rd) in sec (real|cpu)
------------------------------------------------------------------------------------------------------
normal forms
   13861 x 14340       0.54%       23 new       0 zero         0.04 | 0.03         
------------------------------------------------------------------------------------------------------
multiplication matrix                                          0.04 | 0.04         
scalar sequence                                                0.04 | 0.04         
elimination polynomial                                         0.00 | 0.00         
parametrizations                                    Warning: this part of the code has not been tested intensively
           0.00 | 0.00         
------------------------------------------------------------------------------------------------------

---------------- TIMINGS ----------------
overall(elapsed)        0.09 sec
overall(cpu)            0.08 sec
-----------------------------------------

---------- COMPUTATIONAL DATA -----------
degree of ideal                 503
#dense rows                     150
#normal forms                    23
total density                    89.8%
density of the free part         89.6%
density of the nonfree part      91.3%
deg. elim. pol.                 503
deg. sqfr. elim. pol.           503
-----------------------------------------


---------------- TIMINGS ----------------
rational param(elapsed)         1.19 sec
rational param(cpu)             0.98 sec
-----------------------------------------


------------------------------------------------------------------------------------
msolve overall time           1.19 sec (elapsed) /  0.98 sec (cpu)
------------------------------------------------------------------------------------
