Initial seed for pseudo-random number generator is 1784686949

--------------- INPUT DATA ---------------
#variables                      12
#equations                      12
#invalid equations               0
field characteristic            19
homogeneous input?               0
signature-based computation      0
monomial order                 DRL
basis hash table resetting     OFF
linear algebra option            2
initial hash table size     131072 (2^17)
max pair selection             ALL
reduce gb                        1
#threads                         1
info level                       2
generate pbm files               0
------------------------------------------

Legend for f4 information
--------------------------------------------------------
deg       current degree of pairs selected in this round
sel       number of pairs selected in this round
pairs     total number of pairs in pair list
mat       matrix dimensions (# rows x # columns)
density   density of the matrix
new data  # new elements for basis in this round
          # zero reductions during linear algebra
time(rd)  time of the current f4 round in seconds given
          for real and cpu time
--------------------------------------------------------

deg     sel   pairs        mat          density            new data         time(rd) in sec (real|cpu)
------------------------------------------------------------------------------------------------------
  2      10      11      12 x 79        109.81%       10 new       0 zero         0.00 | 0.00         
  3      28      28     150 x 437        15.34%       28 new       0 zero         0.00 | 0.00         
  4     155     155    1025 x 1714        8.05%       62 new      93 zero         0.02 | 0.02         
  5     468     468    4236 x 5462        4.29%      120 new     348 zero         0.23 | 0.19         
  6    1059    1059   13903 x 15529       2.01%      187 new     872 zero         2.33 | 1.70         
  7    1848    1848   37024 x 38730       0.88%      264 new    1584 zero         7.49 | 7.24         
  8    2772    2772   80919 x 82228       0.41%      297 new    2475 zero        24.26 | 22.49        
  9    3267    3267  131555 x 132567      0.23%      275 new    2992 zero        73.70 | 64.06        
 10    3025    3025  293967 x 295166      0.08%      154 new    2871 zero       180.64 | 153.25       
 11    1694    1694  641144 x 643586      0.03%       54 new    1640 zero       186.11 | 171.43       
 12     594     594 1340234 x 1343734     0.01%       11 new     583 zero      1622.98 | 193.71       
 12     121     121 2682948 x 2686911     0.00%        1 new     120 zero        85.78 | 70.21        
 12      11      11 2153373 x 2157445     0.01%        0 new      11 zero        13.74 | 13.43        
------------------------------------------------------------------------------------------------------
reduce final basis     1465 x 5548       54.83%     1465 new       0 zero         0.09 | 0.08         
------------------------------------------------------------------------------------------------------

---------------- TIMINGS ----------------
overall(elapsed)     2197.37 sec
overall(cpu)          697.80 sec
select                  1.82 sec   0.1%
symbolic prep.         41.76 sec   1.9%
update                  0.59 sec   0.0%
convert                 6.13 sec   0.3%
linear algebra       2145.41 sec  97.6%
reduce gb               0.00 sec   0.0%
-----------------------------------------

---------- COMPUTATIONAL DATA -----------
size of basis                  1465
#terms in basis             4456569
#pairs reduced                15052
#GM criterion               1072023
#redundant elements              10
#rows reduced                 31569
#zero reductions              13589
max. matrix data            2682948 x 2686911 (0.005%)
max. symbolic hash table size  2^22
max. basis hash table size     2^19
-----------------------------------------


fglm steps                                               time(rd) in sec (real|cpu)
------------------------------------------------------------------------------------------------------
normal forms
  751629 x 755668      0.02%       44 new       0 zero         5.47 | 5.42         
------------------------------------------------------------------------------------------------------
multiplication matrix                                          5.52 | 5.46         
scalar sequence                                               16.37 | 16.37        
elimination polynomial                                         0.01 | 0.01         
parametrizations                                               0.01 | 0.01         
------------------------------------------------------------------------------------------------------

---------------- TIMINGS ----------------
overall(elapsed)       21.91 sec
overall(cpu)           21.85 sec
-----------------------------------------

---------- COMPUTATIONAL DATA -----------
degree of ideal                4083
#dense rows                     968
#normal forms                    44
total density                    89.2%
density of the free part         89.1%
density of the nonfree part      92.5%
deg. elim. pol.                4083
deg. sqfr. elim. pol.          4083
-----------------------------------------


---------------- TIMINGS ----------------
rational param(elapsed)      2219.32 sec
rational param(cpu)           719.68 sec
-----------------------------------------


------------------------------------------------------------------------------------
msolve overall time        2219.32 sec (elapsed) / 719.68 sec (cpu)
------------------------------------------------------------------------------------
