Initial seed for pseudo-random number generator is 1784686945

--------------- INPUT DATA ---------------
#variables                       9
#equations                       9
#invalid equations               0
field characteristic            19
homogeneous input?               0
signature-based computation      0
monomial order                 DRL
basis hash table resetting     OFF
linear algebra option            2
initial hash table size     131072 (2^17)
max pair selection             ALL
reduce gb                        1
#threads                         1
info level                       2
generate pbm files               0
------------------------------------------

Legend for f4 information
--------------------------------------------------------
deg       current degree of pairs selected in this round
sel       number of pairs selected in this round
pairs     total number of pairs in pair list
mat       matrix dimensions (# rows x # columns)
density   density of the matrix
new data  # new elements for basis in this round
          # zero reductions during linear algebra
time(rd)  time of the current f4 round in seconds given
          for real and cpu time
--------------------------------------------------------

deg     sel   pairs        mat          density            new data         time(rd) in sec (real|cpu)
------------------------------------------------------------------------------------------------------
  2       8       8       9 x 46        113.53%        8 new       0 zero         0.00 | 0.00         
  3      17      17      81 x 202        18.09%       17 new       0 zero         0.00 | 0.00         
  4      77      77     442 x 641        10.30%       29 new      48 zero         0.00 | 0.00         
  5     179     179    1359 x 1596        5.83%       43 new     136 zero         0.01 | 0.01         
  6     301     301    3199 x 3398        3.15%       43 new     258 zero         0.04 | 0.03         
  7     343     343    5379 x 5577        1.88%       48 new     295 zero         0.08 | 0.07         
  8     384     384   11424 x 11569       0.78%       27 new     357 zero         0.19 | 0.18         
  9     216     216   23645 x 23940       0.31%        8 new     208 zero         0.41 | 0.32         
  9      64      64   47075 x 47515       0.13%        1 new      63 zero         0.22 | 0.20         
 10       8       8   27193 x 27688       0.26%        0 new       8 zero         0.06 | 0.06         
------------------------------------------------------------------------------------------------------
reduce final basis      225 x 728        50.42%      225 new       0 zero         0.00 | 0.00         
------------------------------------------------------------------------------------------------------

---------------- TIMINGS ----------------
overall(elapsed)        1.01 sec
overall(cpu)            0.89 sec
select                  0.02 sec   1.8%
symbolic prep.          0.19 sec  19.1%
update                  0.01 sec   0.7%
convert                 0.03 sec   2.6%
linear algebra          0.75 sec  74.5%
reduce gb               0.00 sec   0.0%
-----------------------------------------

---------- COMPUTATIONAL DATA -----------
size of basis                   225
#terms in basis               82563
#pairs reduced                 1597
#GM criterion                 25431
#redundant elements               8
#rows reduced                  3419
#zero reductions               1373
max. matrix data              47075 x 47515 (0.134%)
max. symbolic hash table size  2^16
max. basis hash table size     2^16
-----------------------------------------


fglm steps                                               time(rd) in sec (real|cpu)
------------------------------------------------------------------------------------------------------
normal forms
   13926 x 14405       0.53%       23 new       0 zero         0.03 | 0.03         
------------------------------------------------------------------------------------------------------
multiplication matrix                                          0.04 | 0.03         
scalar sequence                                                0.04 | 0.04         
elimination polynomial                                         0.00 | 0.00         
parametrizations                                               0.00 | 0.00         
------------------------------------------------------------------------------------------------------

---------------- TIMINGS ----------------
overall(elapsed)        0.08 sec
overall(cpu)            0.08 sec
-----------------------------------------

---------- COMPUTATIONAL DATA -----------
degree of ideal                 503
#dense rows                     150
#normal forms                    23
total density                    89.7%
density of the free part         89.4%
density of the nonfree part      91.3%
deg. elim. pol.                 503
deg. sqfr. elim. pol.           503
-----------------------------------------


---------------- TIMINGS ----------------
rational param(elapsed)         1.10 sec
rational param(cpu)             0.96 sec
-----------------------------------------


------------------------------------------------------------------------------------
msolve overall time           1.10 sec (elapsed) /  0.97 sec (cpu)
------------------------------------------------------------------------------------
