Initial seed for pseudo-random number generator is 1784695875

--------------- INPUT DATA ---------------
#variables                      10
#equations                      10
#invalid equations               0
field characteristic            19
homogeneous input?               0
signature-based computation      0
monomial order                 DRL
basis hash table resetting     OFF
linear algebra option            2
initial hash table size     131072 (2^17)
max pair selection             ALL
reduce gb                        1
#threads                         1
info level                       2
generate pbm files               0
------------------------------------------

Legend for f4 information
--------------------------------------------------------
deg       current degree of pairs selected in this round
sel       number of pairs selected in this round
pairs     total number of pairs in pair list
mat       matrix dimensions (# rows x # columns)
density   density of the matrix
new data  # new elements for basis in this round
          # zero reductions during linear algebra
time(rd)  time of the current f4 round in seconds given
          for real and cpu time
--------------------------------------------------------

deg     sel   pairs        mat          density            new data         time(rd) in sec (real|cpu)
------------------------------------------------------------------------------------------------------
  2       9       9      10 x 56        114.46%        9 new       0 zero         0.00 | 0.00         
  3      20      20     102 x 268        17.30%       20 new       0 zero         0.00 | 0.00         
  4     100     100     600 x 916         9.40%       40 new      60 zero         0.00 | 0.00         
  5     264     264    2139 x 2566        5.07%       63 new     201 zero         0.03 | 0.03         
  6     489     489    5864 x 6297        2.42%       84 new     405 zero         0.12 | 0.12         
  7     714     714   12773 x 13107       1.18%       90 new     624 zero         0.34 | 0.34         
  8     810     810   20335 x 20603       0.71%       75 new     735 zero         0.85 | 0.83         
  9     675     675   43696 x 44069       0.26%       35 new     640 zero         3.35 | 2.20         
 10     315     315   91345 x 92053       0.10%        9 new     306 zero         1.93 | 1.91         
 10      81      81  182760 x 183694      0.05%        1 new      80 zero         1.13 | 1.12         
 11       9       9   99092 x 100097      0.09%        0 new       9 zero         0.31 | 0.30         
------------------------------------------------------------------------------------------------------
reduce final basis      427 x 1441       51.81%      427 new       0 zero         0.01 | 0.01         
------------------------------------------------------------------------------------------------------

---------------- TIMINGS ----------------
overall(elapsed)        8.08 sec
overall(cpu)            6.87 sec
select                  0.06 sec   0.8%
symbolic prep.          0.92 sec  11.3%
update                  0.02 sec   0.2%
convert                 0.12 sec   1.4%
linear algebra          6.91 sec  85.5%
reduce gb               0.00 sec   0.0%
-----------------------------------------

---------- COMPUTATIONAL DATA -----------
size of basis                   427
#terms in basis              318762
#pairs reduced                 3486
#GM criterion                 91344
#redundant elements               9
#rows reduced                  7399
#zero reductions               3060
max. matrix data             182760 x 183694 (0.045%)
max. symbolic hash table size  2^18
max. basis hash table size     2^16
-----------------------------------------


fglm steps                                               time(rd) in sec (real|cpu)
------------------------------------------------------------------------------------------------------
normal forms
   46847 x 47833       0.22%       27 new       0 zero         0.19 | 0.17         
------------------------------------------------------------------------------------------------------
multiplication matrix                                          0.19 | 0.17         
scalar sequence                                                0.32 | 0.32         
elimination polynomial                                         0.00 | 0.00         
parametrizations                                               0.01
------------------------------------------------------------------------------------------------------
Ideal not in generic position, parametrizations are not correct

---------------- TIMINGS ----------------
overall(elapsed)        0.53 sec
overall(cpu)            0.50 sec
-----------------------------------------

---------- COMPUTATIONAL DATA -----------
degree of ideal                1014
#dense rows                     279
#normal forms                    27
total density                    89.6%
density of the free part         89.2%
density of the nonfree part      92.7%
deg. elim. pol.                1013
deg. sqfr. elim. pol.          1013
-----------------------------------------


---------------- TIMINGS ----------------
overall(elapsed)        0.34 sec
overall(cpu)            0.33 sec
-----------------------------------------

---------- COMPUTATIONAL DATA -----------
degree of ideal                1014
#dense rows                     279
#normal forms                    27
total density                    89.6%
density of the free part         89.2%
density of the nonfree part      92.7%
deg. elim. pol.                1013
deg. sqfr. elim. pol.          1013
-----------------------------------------


---------------- TIMINGS ----------------
rational param(elapsed)         8.95 sec
rational param(cpu)             7.71 sec
-----------------------------------------

Changing variable order for possibly more generic staircase:
x9, x1, x2, x3, x4, x5, x6, x7, x8, x0

--------------- INPUT DATA ---------------
#variables                      10
#equations                      10
#invalid equations               0
field characteristic            19
homogeneous input?               0
signature-based computation      0
monomial order                 DRL
basis hash table resetting     OFF
linear algebra option            2
initial hash table size     131072 (2^17)
max pair selection             ALL
reduce gb                        1
#threads                         1
info level                       2
generate pbm files               0
------------------------------------------

Legend for f4 information
--------------------------------------------------------
deg       current degree of pairs selected in this round
sel       number of pairs selected in this round
pairs     total number of pairs in pair list
mat       matrix dimensions (# rows x # columns)
density   density of the matrix
new data  # new elements for basis in this round
          # zero reductions during linear algebra
time(rd)  time of the current f4 round in seconds given
          for real and cpu time
--------------------------------------------------------

deg     sel   pairs        mat          density            new data         time(rd) in sec (real|cpu)
------------------------------------------------------------------------------------------------------
  2       9       9      10 x 56        114.46%        9 new       0 zero         0.00 | 0.00         
  3      20      20     102 x 268        17.29%       20 new       0 zero         0.00 | 0.00         
  4     100     100     600 x 916         9.41%       40 new      60 zero         0.00 | 0.00         
  5     264     264    2139 x 2566        5.06%       63 new     201 zero         0.04 | 0.03         
  6     489     489    5864 x 6297        2.42%       84 new     405 zero         0.17 | 0.14         
  7     714     714   12773 x 13107       1.17%       90 new     624 zero         0.34 | 0.34         
  8     810     810   20335 x 20603       0.71%       75 new     735 zero         1.82 | 1.28         
  9     675     675   43696 x 44069       0.26%       35 new     640 zero         2.43 | 2.11         
 10     315     315   91345 x 92053       0.10%        9 new     306 zero         2.38 | 2.08         
 10      81      81  182760 x 183694      0.05%        1 new      80 zero         1.02 | 1.01         
 11       9       9   99081 x 100086      0.09%        0 new       9 zero         0.25 | 0.25         
------------------------------------------------------------------------------------------------------
reduce final basis      427 x 1441       51.76%      427 new       0 zero         0.01 | 0.01         
------------------------------------------------------------------------------------------------------

---------------- TIMINGS ----------------
overall(elapsed)        8.46 sec
overall(cpu)            7.25 sec
select                  0.09 sec   1.0%
symbolic prep.          0.90 sec  10.6%
update                  0.03 sec   0.3%
convert                 0.11 sec   1.3%
linear algebra          7.27 sec  86.0%
reduce gb               0.00 sec   0.0%
-----------------------------------------

---------- COMPUTATIONAL DATA -----------
size of basis                   427
#terms in basis              318488
#pairs reduced                 3486
#GM criterion                 91344
#redundant elements               9
#rows reduced                  7399
#zero reductions               3060
max. matrix data             182760 x 183694 (0.045%)
max. symbolic hash table size  2^18
max. basis hash table size     2^16
-----------------------------------------


fglm steps                                               time(rd) in sec (real|cpu)
------------------------------------------------------------------------------------------------------
normal forms
   46909 x 47895       0.22%       27 new       0 zero         0.14 | 0.14         
------------------------------------------------------------------------------------------------------
multiplication matrix                                          0.15 | 0.15         
scalar sequence                                                0.30 | 0.30         
elimination polynomial                                         0.00 | 0.00         
parametrizations                                               0.00 | 0.00         
------------------------------------------------------------------------------------------------------

---------------- TIMINGS ----------------
overall(elapsed)        0.45 sec
overall(cpu)            0.45 sec
-----------------------------------------

---------- COMPUTATIONAL DATA -----------
degree of ideal                1014
#dense rows                     279
#normal forms                    27
total density                    89.5%
density of the free part         89.2%
density of the nonfree part      92.5%
deg. elim. pol.                1014
deg. sqfr. elim. pol.          1014
-----------------------------------------


---------------- TIMINGS ----------------
rational param(elapsed)         8.91 sec
rational param(cpu)             7.70 sec
-----------------------------------------


------------------------------------------------------------------------------------
msolve overall time          17.86 sec (elapsed) / 15.41 sec (cpu)
------------------------------------------------------------------------------------
