Initial seed for pseudo-random number generator is 1784686948

--------------- INPUT DATA ---------------
#variables                       9
#equations                       9
#invalid equations               0
field characteristic            19
homogeneous input?               0
signature-based computation      0
monomial order                 DRL
basis hash table resetting     OFF
linear algebra option            2
initial hash table size     131072 (2^17)
max pair selection             ALL
reduce gb                        1
#threads                         1
info level                       2
generate pbm files               0
------------------------------------------

Legend for f4 information
--------------------------------------------------------
deg       current degree of pairs selected in this round
sel       number of pairs selected in this round
pairs     total number of pairs in pair list
mat       matrix dimensions (# rows x # columns)
density   density of the matrix
new data  # new elements for basis in this round
          # zero reductions during linear algebra
time(rd)  time of the current f4 round in seconds given
          for real and cpu time
--------------------------------------------------------

deg     sel   pairs        mat          density            new data         time(rd) in sec (real|cpu)
------------------------------------------------------------------------------------------------------
  2       8       8       9 x 46        114.01%        8 new       0 zero         0.00 | 0.00         
  3      17      17      81 x 202        18.34%       17 new       0 zero         0.00 | 0.00         
  4      77      77     442 x 641        10.33%       29 new      48 zero         0.00 | 0.00         
  5     179     179    1359 x 1596        5.86%       43 new     136 zero         0.01 | 0.01         
  6     301     301    3207 x 3406        3.14%       43 new     258 zero         0.03 | 0.03         
  7     343     343    5398 x 5596        1.87%       48 new     295 zero         0.09 | 0.08         
  8     384     384   11486 x 11631       0.77%       27 new     357 zero         0.21 | 0.19         
  9     216     216   23804 x 24099       0.30%        8 new     208 zero         0.29 | 0.27         
  9      64      64   47435 x 47875       0.13%        1 new      63 zero         0.24 | 0.21         
 10       8       8   26391 x 26886       0.27%        0 new       8 zero         0.06 | 0.05         
------------------------------------------------------------------------------------------------------
reduce final basis      225 x 728        50.44%      225 new       0 zero         0.00 | 0.00         
------------------------------------------------------------------------------------------------------

---------------- TIMINGS ----------------
overall(elapsed)        0.93 sec
overall(cpu)            0.85 sec
select                  0.02 sec   1.7%
symbolic prep.          0.19 sec  19.8%
update                  0.01 sec   0.8%
convert                 0.03 sec   3.2%
linear algebra          0.68 sec  73.0%
reduce gb               0.00 sec   0.0%
-----------------------------------------

---------- COMPUTATIONAL DATA -----------
size of basis                   225
#terms in basis               82612
#pairs reduced                 1597
#GM criterion                 25431
#redundant elements               8
#rows reduced                  3419
#zero reductions               1373
max. matrix data              47435 x 47875 (0.133%)
max. symbolic hash table size  2^16
max. basis hash table size     2^16
-----------------------------------------


fglm steps                                               time(rd) in sec (real|cpu)
------------------------------------------------------------------------------------------------------
normal forms
   13949 x 14428       0.53%       23 new       0 zero         0.03 | 0.03         
------------------------------------------------------------------------------------------------------
multiplication matrix                                          0.03 | 0.03         
scalar sequence                                                0.05 | 0.04         
elimination polynomial                                         0.00 | 0.00         
parametrizations                                               0.00 | 0.00         
------------------------------------------------------------------------------------------------------

---------------- TIMINGS ----------------
overall(elapsed)        0.08 sec
overall(cpu)            0.08 sec
-----------------------------------------

---------- COMPUTATIONAL DATA -----------
degree of ideal                 503
#dense rows                     150
#normal forms                    23
total density                    89.8%
density of the free part         89.5%
density of the nonfree part      91.3%
deg. elim. pol.                 503
deg. sqfr. elim. pol.           503
-----------------------------------------


---------------- TIMINGS ----------------
rational param(elapsed)         1.02 sec
rational param(cpu)             0.93 sec
-----------------------------------------


------------------------------------------------------------------------------------
msolve overall time           1.02 sec (elapsed) /  0.93 sec (cpu)
------------------------------------------------------------------------------------
