Initial seed for pseudo-random number generator is 1784691491

--------------- INPUT DATA ---------------
#variables                      12
#equations                      12
#invalid equations               0
field characteristic            19
homogeneous input?               0
signature-based computation      0
monomial order                 DRL
basis hash table resetting     OFF
linear algebra option            2
initial hash table size     131072 (2^17)
max pair selection             ALL
reduce gb                        1
#threads                         1
info level                       2
generate pbm files               0
------------------------------------------

Legend for f4 information
--------------------------------------------------------
deg       current degree of pairs selected in this round
sel       number of pairs selected in this round
pairs     total number of pairs in pair list
mat       matrix dimensions (# rows x # columns)
density   density of the matrix
new data  # new elements for basis in this round
          # zero reductions during linear algebra
time(rd)  time of the current f4 round in seconds given
          for real and cpu time
--------------------------------------------------------

deg     sel   pairs        mat          density            new data         time(rd) in sec (real|cpu)
------------------------------------------------------------------------------------------------------
  2      11      11      12 x 79        109.18%       11 new       0 zero         0.00 | 0.00         
  3      28      28     146 x 433        15.43%       28 new       0 zero         0.00 | 0.00         
  4     155     155    1016 x 1705        8.14%       62 new      93 zero         0.01 | 0.01         
  5     468     468    4251 x 5477        4.26%      120 new     348 zero         0.27 | 0.25         
  6    1059    1059   13962 x 15588       2.00%      187 new     872 zero         2.27 | 2.25         
  7    1848    1848   37201 x 38907       0.88%      264 new    1584 zero        12.28 | 12.25        
  8    2772    2772   81269 x 82579       0.41%      297 new    2475 zero        31.73 | 31.72        
  9    3267    3267  132036 x 133049      0.23%      275 new    2992 zero        73.29 | 73.22        
 10    3025    3025  295022 x 296222      0.08%      154 new    2871 zero       144.46 | 144.36       
 11    1694    1694  643406 x 645849      0.03%       54 new    1640 zero       167.94 | 167.57       
 12     594     594 1344888 x 1348389     0.01%       11 new     583 zero       127.92 | 127.62       
 12     121     121 2692173 x 2696137     0.00%        1 new     120 zero        58.29 | 57.31        
 13      11      11 1464797 x 1468870     0.01%        0 new      11 zero        12.41 | 12.34        
------------------------------------------------------------------------------------------------------
reduce final basis     1465 x 5549       54.83%     1465 new       0 zero         0.13 | 0.12         
------------------------------------------------------------------------------------------------------

---------------- TIMINGS ----------------
overall(elapsed)      631.02 sec
overall(cpu)          629.06 sec
select                  1.95 sec   0.3%
symbolic prep.         43.50 sec   6.9%
update                  0.45 sec   0.1%
convert                 4.56 sec   0.7%
linear algebra        578.89 sec  91.7%
reduce gb               0.00 sec   0.0%
-----------------------------------------

---------- COMPUTATIONAL DATA -----------
size of basis                  1465
#terms in basis             4457504
#pairs reduced                15053
#GM criterion               1073497
#redundant elements              11
#rows reduced                 31571
#zero reductions              13589
max. matrix data            2692173 x 2696137 (0.005%)
max. symbolic hash table size  2^22
max. basis hash table size     2^19
-----------------------------------------


fglm steps                                               time(rd) in sec (real|cpu)
------------------------------------------------------------------------------------------------------
normal forms
  754414 x 758453      0.02%       44 new       0 zero         8.92 | 8.89         
------------------------------------------------------------------------------------------------------
multiplication matrix                                          8.98 | 8.96         
scalar sequence                                               21.65 | 21.65        
elimination polynomial                                         0.02 | 0.01         
parametrizations                                               0.02 | 0.02         
------------------------------------------------------------------------------------------------------

---------------- TIMINGS ----------------
overall(elapsed)       30.66 sec
overall(cpu)           30.63 sec
-----------------------------------------

---------- COMPUTATIONAL DATA -----------
degree of ideal                4084
#dense rows                     968
#normal forms                    44
total density                    89.2%
density of the free part         89.1%
density of the nonfree part      92.5%
deg. elim. pol.                4084
deg. sqfr. elim. pol.          4084
-----------------------------------------


---------------- TIMINGS ----------------
rational param(elapsed)       661.73 sec
rational param(cpu)           659.73 sec
-----------------------------------------


------------------------------------------------------------------------------------
msolve overall time         661.73 sec (elapsed) / 659.73 sec (cpu)
------------------------------------------------------------------------------------
