Initial seed for pseudo-random number generator is 1784695862

--------------- INPUT DATA ---------------
#variables                      10
#equations                      10
#invalid equations               0
field characteristic            19
homogeneous input?               0
signature-based computation      0
monomial order                 DRL
basis hash table resetting     OFF
linear algebra option            2
initial hash table size     131072 (2^17)
max pair selection             ALL
reduce gb                        1
#threads                         1
info level                       2
generate pbm files               0
------------------------------------------

Legend for f4 information
--------------------------------------------------------
deg       current degree of pairs selected in this round
sel       number of pairs selected in this round
pairs     total number of pairs in pair list
mat       matrix dimensions (# rows x # columns)
density   density of the matrix
new data  # new elements for basis in this round
          # zero reductions during linear algebra
time(rd)  time of the current f4 round in seconds given
          for real and cpu time
--------------------------------------------------------

deg     sel   pairs        mat          density            new data         time(rd) in sec (real|cpu)
------------------------------------------------------------------------------------------------------
  2       9       9      10 x 56        113.04%        9 new       0 zero         0.00 | 0.00         
  3      21      21      99 x 265        17.36%       21 new       0 zero         0.00 | 0.00         
  4     103     103     608 x 921         9.49%       40 new      63 zero         0.00 | 0.00         
  5     264     264    2135 x 2562        5.10%       63 new     201 zero         0.03 | 0.03         
  6     489     489    5858 x 6291        2.44%       84 new     405 zero         0.12 | 0.12         
  7     714     714   12766 x 13100       1.18%       90 new     624 zero         0.33 | 0.33         
  8     810     810   20329 x 20596       0.72%       75 new     735 zero         0.84 | 0.82         
  9     675     675   43691 x 44063       0.27%       35 new     640 zero         1.65 | 1.63         
 10     315     315   91339 x 92046       0.10%        9 new     306 zero         1.71 | 1.70         
  9      10      73   90869 x 91873       0.10%        2 new       8 zero         0.23 | 0.23         
 10      81      81  176871 x 177802      0.05%        0 new      81 zero         0.90 | 0.90         
------------------------------------------------------------------------------------------------------
reduce final basis      428 x 1440       51.70%      428 new       0 zero         0.01 | 0.01         
------------------------------------------------------------------------------------------------------

---------------- TIMINGS ----------------
overall(elapsed)        5.82 sec
overall(cpu)            5.76 sec
select                  0.06 sec   1.0%
symbolic prep.          0.78 sec  13.4%
update                  0.02 sec   0.3%
convert                 0.10 sec   1.7%
linear algebra          4.82 sec  82.8%
reduce gb               0.00 sec   0.0%
-----------------------------------------

---------- COMPUTATIONAL DATA -----------
size of basis                   428
#terms in basis              318565
#pairs reduced                 3491
#GM criterion                 92212
#redundant elements              10
#rows reduced                  7410
#zero reductions               3063
max. matrix data             176871 x 177802 (0.048%)
max. symbolic hash table size  2^18
max. basis hash table size     2^16
-----------------------------------------


fglm steps                                               time(rd) in sec (real|cpu)
------------------------------------------------------------------------------------------------------
normal forms
   49895 x 50881       0.21%       26 new       0 zero         0.15 | 0.15         
------------------------------------------------------------------------------------------------------
multiplication matrix                                          0.15 | 0.15         
scalar sequence                                                0.30 | 0.30         
elimination polynomial                                         0.00 | 0.00         
parametrizations                                               0.00 | 0.00         
------------------------------------------------------------------------------------------------------

---------------- TIMINGS ----------------
overall(elapsed)        0.45 sec
overall(cpu)            0.45 sec
-----------------------------------------

---------- COMPUTATIONAL DATA -----------
degree of ideal                1012
#dense rows                     278
#normal forms                    26
total density                    89.6%
density of the free part         89.3%
density of the nonfree part      92.8%
deg. elim. pol.                1012
deg. sqfr. elim. pol.          1012
-----------------------------------------


---------------- TIMINGS ----------------
rational param(elapsed)         6.27 sec
rational param(cpu)             6.22 sec
-----------------------------------------


------------------------------------------------------------------------------------
msolve overall time           6.28 sec (elapsed) /  6.22 sec (cpu)
------------------------------------------------------------------------------------
