\BOOKMARK [1][-]{section.1}{\376\377\000I\000n\000t\000r\000o\000d\000u\000c\000t\000i\000o\000n}{}% 1
\BOOKMARK [2][-]{subsection.1.1}{\376\377\000O\000u\000r\000\040\000r\000e\000s\000u\000l\000t\000s}{section.1}% 2
\BOOKMARK [2][-]{subsection.1.2}{\376\377\000T\000e\000c\000h\000n\000i\000c\000a\000l\000\040\000o\000v\000e\000r\000v\000i\000e\000w}{section.1}% 3
\BOOKMARK [1][-]{section.2}{\376\377\000T\000h\000e\000\040\000S\000N\000O\000V\000A\000\040\000s\000i\000g\000n\000a\000t\000u\000r\000e\000\040\000s\000c\000h\000e\000m\000e}{}% 4
\BOOKMARK [1][-]{section.3}{\376\377\000P\000r\000i\000o\000r\000\040\000a\000t\000t\000a\000c\000k\000s\000\040\000a\000n\000d\000\040\000m\000a\000t\000h\000e\000m\000a\000t\000i\000c\000a\000l\000\040\000b\000a\000c\000k\000g\000r\000o\000u\000n\000d}{}% 5
\BOOKMARK [2][-]{subsection.3.1}{\376\377\000S\000N\000O\000V\000A\000'\000s\000\040\000a\000t\000t\000a\000c\000k\000\040\000a\000n\000d\000\040\000r\000e\000v\000i\000s\000i\000o\000n\000\040\000h\000i\000s\000t\000o\000r\000y}{section.3}% 6
\BOOKMARK [2][-]{subsection.3.2}{\376\377\000M\000Q\000\040\000s\000y\000s\000t\000e\000m\000s\000,\000\040\000r\000o\000o\000t\000s\000,\000\040\000a\000n\000d\000\040\000a\000f\000f\000i\000n\000e\000\040\000s\000l\000i\000c\000e\000s}{section.3}% 7
\BOOKMARK [1][-]{section.4}{\376\377\000F\000r\000o\000m\000\040\000t\000h\000e\000\040\000p\000u\000b\000l\000i\000c\000\040\000v\000e\000r\000i\000f\000i\000e\000r\000\040\000t\000o\000\040\000a\000\040\000s\000q\000u\000a\000r\000e\000\040\000s\000y\000s\000t\000e\000m}{}% 8
\BOOKMARK [2][-]{subsection.4.1}{\376\377\000P\000a\000r\000a\000m\000e\000t\000e\000r\000s\000\040\000a\000n\000d\000\040\000p\000u\000b\000l\000i\000c\000\040\000f\000o\000r\000m\000s}{section.4}% 9
\BOOKMARK [2][-]{subsection.4.2}{\376\377\000T\000h\000e\000\040\000c\000o\000m\000m\000o\000n\000-\000c\000o\000l\000u\000m\000n\000\040\000r\000e\000s\000t\000r\000i\000c\000t\000i\000o\000n}{section.4}% 10
\BOOKMARK [2][-]{subsection.4.3}{\376\377\000H\000o\000w\000\040\000s\000y\000m\000m\000e\000t\000r\000y\000\040\000r\000e\000m\000o\000v\000e\000s\000\040\000q\000u\000a\000d\000r\000a\000t\000i\000c\000\040\000f\000o\000r\000m\000s}{section.4}% 11
\BOOKMARK [2][-]{subsection.4.4}{\376\377\000M\000a\000p\000p\000i\000n\000g\000\040\000t\000h\000e\000\040\000r\000e\000m\000a\000i\000n\000i\000n\000g\000\040\000f\000o\000r\000m\000s\000\040\000t\000o\000\040\000v\000e\000r\000i\000f\000i\000e\000r\000\040\000o\000u\000t\000p\000u\000t\000s}{section.4}% 12
\BOOKMARK [2][-]{subsection.4.5}{\376\377\000S\000e\000p\000a\000r\000a\000t\000i\000n\000g\000\040\000t\000h\000e\000\040\000q\000u\000a\000d\000r\000a\000t\000i\000c\000\040\000a\000n\000d\000\040\000a\000f\000f\000i\000n\000e\000\040\000e\000q\000u\000a\000t\000i\000o\000n\000s}{section.4}% 13
\BOOKMARK [2][-]{subsection.4.6}{\376\377\000R\000e\000s\000t\000r\000i\000c\000t\000i\000n\000g\000\040\000t\000h\000e\000\040\000r\000e\000m\000a\000i\000n\000i\000n\000g\000\040\000e\000q\000u\000a\000t\000i\000o\000n\000s\000\040\000t\000o\000\040\000a\000\040\000s\000q\000u\000a\000r\000e\000\040\000s\000y\000s\000t\000e\000m}{section.4}% 14
\BOOKMARK [2][-]{subsection.4.7}{\376\377\000A\000\040\000L\000e\000v\000e\000l\000-\000I\000\040\000d\000i\000m\000e\000n\000s\000i\000o\000n\000\040\000w\000a\000l\000k\000t\000h\000r\000o\000u\000g\000h}{section.4}% 15
\BOOKMARK [1][-]{section.5}{\376\377\000P\000r\000e\000p\000a\000r\000i\000n\000g\000\040\000s\000q\000u\000a\000r\000e\000\040\000s\000y\000s\000t\000e\000m\000s\000\040\000f\000o\000r\000\040\000r\000e\000c\000o\000v\000e\000r\000y}{}% 16
\BOOKMARK [2][-]{subsection.5.1}{\376\377\000A\000n\000\040\000u\000n\000c\000o\000n\000d\000i\000t\000i\000o\000n\000a\000l\000\040\000s\000t\000a\000b\000l\000e\000\040\000k\000e\000r\000n\000e\000l}{section.5}% 17
\BOOKMARK [2][-]{subsection.5.2}{\376\377\000R\000e\000s\000e\000r\000v\000e\000d\000-\000l\000i\000n\000e\000\040\000d\000e\000c\000o\000u\000p\000l\000i\000n\000g\000\040\000a\000n\000d\000\040\000t\000h\000e\000\040\000s\000t\000r\000u\000c\000t\000u\000r\000a\000l\000\040\000p\000r\000e\000f\000l\000i\000g\000h\000t}{section.5}% 18
\BOOKMARK [2][-]{subsection.5.3}{\376\377\000T\000h\000e\000\040\000g\000u\000a\000r\000a\000n\000t\000e\000e\000d\000\040\000f\000r\000e\000s\000h\000\040\000o\000r\000d\000i\000n\000a\000r\000y\000\040\000s\000q\000u\000a\000r\000e}{section.5}% 19
\BOOKMARK [2][-]{subsection.5.4}{\376\377\000P\000a\000s\000s\000i\000n\000g\000\040\000t\000h\000e\000\040\000b\000l\000o\000c\000k\000-\000s\000y\000m\000m\000e\000t\000r\000y\000\040\000r\000e\000j\000e\000c\000t\000i\000o\000n\000\040\000r\000u\000l\000e}{section.5}% 20
\BOOKMARK [2][-]{subsection.5.5}{\376\377\000E\000x\000a\000c\000t\000l\000y\000\040\000u\000n\000i\000f\000o\000r\000m\000\040\000o\000f\000f\000i\000c\000i\000a\000l\000\040\000t\000a\000r\000g\000e\000t\000s}{section.5}% 21
\BOOKMARK [1][-]{section.6}{\376\377\000R\000o\000o\000t\000\040\000e\000x\000i\000s\000t\000e\000n\000c\000e\000\040\000o\000n\000\040\000a\000\040\000s\000q\000u\000a\000r\000e\000\040\000s\000l\000i\000c\000e}{}% 22
\BOOKMARK [2][-]{subsection.6.1}{\376\377\000P\000o\000l\000a\000r\000\040\000f\000o\000r\000m\000s\000,\000\040\000r\000a\000n\000k\000\040\000s\000p\000e\000c\000t\000r\000a\000,\000\040\000a\000n\000d\000\040\000c\000o\000l\000l\000i\000s\000i\000o\000n\000s}{section.6}% 23
\BOOKMARK [2][-]{subsection.6.2}{\376\377\000T\000h\000e\000\040\000e\000x\000a\000c\000t\000\040\000f\000i\000r\000s\000t\000\040\000a\000n\000d\000\040\000s\000e\000c\000o\000n\000d\000\040\000m\000o\000m\000e\000n\000t\000s}{section.6}% 24
\BOOKMARK [2][-]{subsection.6.3}{\376\377\000A\000c\000c\000e\000p\000t\000e\000d\000\040\000n\000o\000n\000s\000i\000n\000g\000u\000l\000a\000r\000\040\000r\000o\000o\000t\000s}{section.6}% 25
\BOOKMARK [1][-]{section.7}{\376\377\000C\000o\000n\000d\000i\000t\000i\000o\000n\000a\000l\000\040\000r\000e\000c\000o\000v\000e\000r\000y\000\040\000f\000o\000r\000\040\000a\000l\000l\000\040\000p\000u\000b\000l\000i\000s\000h\000e\000d\000\040\000p\000a\000r\000a\000m\000e\000t\000e\000r\000\040\000s\000e\000t\000s}{}% 26
\BOOKMARK [1][-]{section.8}{\376\377\000I\000m\000p\000l\000e\000m\000e\000n\000t\000a\000t\000i\000o\000n\000,\000\040\000e\000v\000i\000d\000e\000n\000c\000e\000,\000\040\000a\000n\000d\000\040\000r\000e\000p\000r\000o\000d\000u\000c\000i\000b\000i\000l\000i\000t\000y}{}% 27
\BOOKMARK [1][-]{section.9}{\376\377\000N\000e\000c\000e\000s\000s\000a\000r\000y\000\040\000d\000i\000m\000e\000n\000s\000i\000o\000n\000\040\000f\000l\000o\000o\000r\000s\000\040\000w\000i\000t\000h\000i\000n\000\040\000t\000h\000e\000\040\000c\000o\000m\000m\000o\000n\000-\000c\000o\000l\000u\000m\000n\000\040\000m\000o\000d\000e\000l}{}% 28
\BOOKMARK [1][-]{section.10}{\376\377\000C\000o\000n\000c\000l\000u\000s\000i\000o\000n}{}% 29
\BOOKMARK [1][-]{appendix.A}{\376\377\000C\000o\000n\000d\000i\000t\000i\000o\000n\000a\000l\000\040\000s\000o\000l\000v\000e\000r\000\040\000c\000o\000o\000r\000d\000i\000n\000a\000t\000e\000s\000\040\000a\000n\000d\000\040\000f\000i\000n\000i\000t\000e\000-\000f\000i\000e\000l\000d\000\040\000h\000o\000m\000o\000t\000o\000p\000y}{}% 30
\BOOKMARK [2][-]{subsection.A.1}{\376\377\000F\000r\000o\000b\000e\000n\000i\000u\000s\000\040\000c\000o\000o\000r\000d\000i\000n\000a\000t\000e\000s\000\040\000f\000o\000r\000\040\000t\000h\000e\000\040\000s\000y\000m\000m\000e\000t\000r\000i\000c\000\040\000s\000q\000u\000a\000r\000e}{appendix.A}% 31
\BOOKMARK [2][-]{subsection.A.2}{\376\377\000F\000i\000n\000i\000t\000e\000-\000c\000a\000r\000d\000i\000n\000a\000l\000i\000t\000y\000\040\000s\000y\000m\000b\000o\000l\000i\000c\000\040\000h\000o\000m\000o\000t\000o\000p\000y}{appendix.A}% 32
\BOOKMARK [1][-]{appendix.B}{\376\377\000D\000e\000t\000a\000i\000l\000e\000d\000\040\000r\000e\000c\000o\000v\000e\000r\000y\000\040\000i\000n\000s\000t\000a\000n\000t\000i\000a\000t\000i\000o\000n\000s}{}% 33
\BOOKMARK [2][-]{subsection.B.1}{\376\377\000A\000r\000i\000t\000h\000m\000e\000t\000i\000c\000\040\000c\000o\000s\000t\000\040\000m\000o\000d\000e\000l}{appendix.B}% 34
\BOOKMARK [2][-]{subsection.B.2}{\376\377\000C\000o\000m\000p\000l\000e\000t\000e\000-\000s\000y\000s\000t\000e\000m\000\040\000f\000a\000l\000l\000b\000a\000c\000k}{appendix.B}% 35
\BOOKMARK [3][-]{subsubsection.B.2.1}{\376\377\000T\000h\000e\000\040\000o\000r\000d\000i\000n\000a\000r\000y\000\040\000s\000q\000u\000a\000r\000e\000\040\000f\000o\000r\000\040\000e\000l\000l\000=\0004}{subsection.B.2}% 36
\BOOKMARK [3][-]{subsubsection.B.2.2}{\376\377\000T\000h\000e\000\040\000z\000e\000r\000o\000-\000o\000f\000f\000s\000e\000t\000\040\000s\000p\000l\000i\000t\000\040\000f\000o\000r\000\040\000e\000l\000l\000=\0002}{subsection.B.2}% 37
\BOOKMARK [3][-]{subsubsection.B.2.3}{\376\377\000A\000l\000l\000-\000n\000i\000n\000e\000\040\000c\000o\000m\000p\000l\000e\000t\000e\000-\000s\000y\000s\000t\000e\000m\000\040\000c\000o\000s\000t\000s}{subsection.B.2}% 38
\BOOKMARK [2][-]{subsection.B.3}{\376\377\000C\000e\000r\000t\000i\000f\000i\000e\000d\000\040\000s\000m\000a\000l\000l\000e\000r\000\040\000s\000y\000s\000t\000e\000m\000s\000\040\000a\000n\000d\000\040\000o\000p\000t\000i\000m\000i\000z\000e\000d\000\040\000c\000o\000s\000t\000s}{appendix.B}% 39
\BOOKMARK [3][-]{subsubsection.B.3.1}{\376\377\000C\000e\000r\000t\000i\000f\000i\000e\000d\000\040\000p\000r\000o\000j\000e\000c\000t\000i\000o\000n\000\040\000a\000n\000d\000\040\000c\000o\000m\000p\000l\000e\000t\000e\000-\000s\000q\000u\000a\000r\000e\000\040\000f\000a\000l\000l\000b\000a\000c\000k}{subsection.B.3}% 40
\BOOKMARK [3][-]{subsubsection.B.3.2}{\376\377\000T\000h\000e\000\040\000s\000m\000a\000l\000l\000e\000r\000\040\000L\000e\000v\000e\000l\000-\000I\000\040\000e\000l\000l\000=\0002\000\040\000s\000y\000s\000t\000e\000m}{subsection.B.3}% 41
\BOOKMARK [3][-]{subsubsection.B.3.3}{\376\377\000T\000h\000e\000\040\000s\000m\000a\000l\000l\000e\000r\000\040\000e\000l\000l\000=\0004\000\040\000c\000h\000a\000n\000n\000e\000l\000\040\000s\000y\000s\000t\000e\000m\000s}{subsection.B.3}% 42
\BOOKMARK [3][-]{subsubsection.B.3.4}{\376\377\000C\000o\000m\000b\000i\000n\000i\000n\000g\000\040\000t\000h\000e\000\040\000c\000e\000r\000t\000i\000f\000i\000e\000d\000\040\000b\000r\000a\000n\000c\000h\000e\000s}{subsection.B.3}% 43
\BOOKMARK [2][-]{subsection.B.4}{\376\377\000P\000r\000o\000o\000f\000s\000\040\000f\000o\000r\000\040\000s\000q\000u\000a\000r\000e\000-\000s\000l\000i\000c\000e\000\040\000p\000r\000e\000p\000a\000r\000a\000t\000i\000o\000n\000\040\000a\000n\000d\000\040\000s\000p\000e\000c\000t\000r\000u\000m\000\040\000b\000o\000u\000n\000d\000s}{appendix.B}% 44
\BOOKMARK [1][-]{appendix.C}{\376\377\000A\000\040\000B\000o\000o\000l\000e\000a\000n\000-\000l\000e\000d\000g\000e\000r\000\040\000L\000e\000v\000e\000l\000-\000I\000\040\000s\000e\000n\000s\000i\000t\000i\000v\000i\000t\000y\000\040\000v\000i\000a\000\040\000J\000u\000s\000t\000\040\000G\000u\000e\000s\000s}{}% 45
\BOOKMARK [2][-]{subsection.C.1}{\376\377\000T\000h\000e\000\040\000s\000t\000r\000e\000a\000m\000e\000d\000\040\000d\000i\000a\000g\000o\000n\000a\000l\000\040\000s\000o\000l\000v\000e\000r}{appendix.C}% 46
\BOOKMARK [2][-]{subsection.C.2}{\376\377\000C\000o\000n\000d\000i\000t\000i\000o\000n\000a\000l\000\040\000c\000r\000o\000s\000s\000-\000c\000h\000a\000n\000n\000e\000l\000\040\000f\000i\000l\000t\000e\000r\000i\000n\000g}{appendix.C}% 47
\BOOKMARK [2][-]{subsection.C.3}{\376\377\000F\000i\000n\000i\000t\000e\000\040\000B\000o\000o\000l\000e\000a\000n\000-\000g\000a\000t\000e\000\040\000i\000n\000s\000t\000a\000n\000t\000i\000a\000t\000i\000o\000n}{appendix.C}% 48
\BOOKMARK [1][-]{appendix.D}{\376\377\000S\000t\000r\000e\000a\000m\000e\000d\000-\000X\000L\000\040\000a\000n\000d\000\040\000l\000o\000w\000-\000s\000t\000a\000t\000e\000\040\000a\000n\000a\000l\000y\000s\000e\000s}{}% 49
\BOOKMARK [2][-]{subsection.D.1}{\376\377\000M\000a\000c\000a\000u\000l\000a\000y\000\040\000m\000a\000t\000r\000i\000c\000e\000s\000\040\000a\000n\000d\000\040\000t\000h\000e\000\040\000l\000o\000w\000-\000s\000t\000a\000t\000e\000\040\000b\000r\000a\000n\000c\000h}{appendix.D}% 50
\BOOKMARK [2][-]{subsection.D.2}{\376\377\000E\000i\000g\000e\000n\000b\000l\000o\000c\000k\000s\000\040\000a\000n\000d\000\040\000m\000u\000l\000t\000i\000d\000e\000g\000r\000e\000e\000s}{appendix.D}% 51
\BOOKMARK [2][-]{subsection.D.3}{\376\377\000F\000o\000u\000r\000-\000b\000l\000o\000c\000k\000\040\000s\000p\000e\000c\000i\000a\000l\000\040\000X\000L}{appendix.D}% 52
\BOOKMARK [2][-]{subsection.D.4}{\376\377\000C\000e\000r\000t\000i\000f\000i\000e\000d\000\040\000e\000x\000t\000r\000a\000c\000t\000i\000o\000n\000\040\000b\000e\000y\000o\000n\000d\000\040\000e\000x\000a\000c\000t\000\040\000c\000o\000r\000a\000n\000k\000\040\000o\000n\000e}{appendix.D}% 53
\BOOKMARK [2][-]{subsection.D.5}{\376\377\000T\000h\000r\000e\000e\000-\000p\000l\000u\000s\000-\000o\000n\000e\000\040\000c\000o\000m\000p\000l\000e\000t\000i\000o\000n}{appendix.D}% 54
\BOOKMARK [2][-]{subsection.D.6}{\376\377\000S\000t\000a\000t\000u\000s\000\040\000o\000f\000\040\000t\000h\000e\000\040\000l\000o\000w\000-\000s\000t\000a\000t\000e\000\040\000b\000r\000a\000n\000c\000h}{appendix.D}% 55
\BOOKMARK [1][-]{appendix.E}{\376\377\000A\000\040\000f\000i\000n\000i\000t\000e\000\040\000f\000i\000x\000e\000d\000-\000k\000e\000y\000\040\000s\000p\000e\000c\000t\000r\000u\000m\000-\000c\000e\000r\000t\000i\000f\000i\000c\000a\000t\000e\000\040\000f\000o\000r\000m\000a\000t}{}% 56
\BOOKMARK [1][-]{appendix.F}{\376\377\000D\000i\000m\000e\000n\000s\000i\000o\000n\000\040\000f\000o\000r\000m\000u\000l\000a\000s\000\040\000a\000n\000d\000\040\000e\000x\000a\000c\000t\000\040\000n\000u\000m\000e\000r\000i\000c\000a\000l\000\040\000r\000o\000w\000s}{}% 57
\BOOKMARK [1][-]{appendix.G}{\376\377\000A\000r\000i\000t\000h\000m\000e\000t\000i\000c\000-\000c\000i\000r\000c\000u\000i\000t\000\040\000c\000e\000r\000t\000i\000f\000i\000c\000a\000t\000e\000\040\000d\000e\000t\000a\000i\000l\000s}{}% 58
\BOOKMARK [1][-]{appendix.H}{\376\377\000R\000e\000p\000r\000o\000d\000u\000c\000t\000i\000o\000n\000\040\000a\000n\000d\000\040\000p\000a\000c\000k\000a\000g\000e\000\040\000c\000o\000n\000t\000e\000n\000t\000s}{}% 59
